// Vitest Snapshot v1, https://vitest.dev/guide/snapshot.html

exports[`app(unsw::2206::09.1).snapshot > should match snapshots 1`] = `
"<style id="test-styles"></style><div class="widget-container document" id="test-widget-0" style="grid-column: span 2;"><style id="test-widget-0-styles"></style><div class="container pre--container"><div class="c2 twoThree pre--c2 pre--two-three"><div class="container pre--container"><h1>Pooling Cross Sections across Time: Simple Panel Data Methods<br><small style="color: #aaaaff">ECON2206, W9, Lecture 1</small></h1></div><aside class="infobox"><h3 class="infobox-name">💡 Resources</h3><div class="infobox-body"><div class="container"><p>See here for resources relating to the lesson</p></div></div></aside></div></div></div><div class="widget-container document" id="test-widget-1" style="grid-column: span 2;"><style id="test-widget-1-styles"></style><div class="container pre--container"><div style="
      display: grid;
      grid-template-columns: 1fr auto;
      grid-gap: 8px;
    "><h2>Pooling Independent Cross Sections across Time</h2><span style="
        display: grid;
        grid-auto-flow: column;
        grid-gap: 0.5em;
        align-items: center;
        max-height: 2em;
        line-height: 1;
        font-size: 10px;
        color: var(--fg-black-on-pink);
        background: var(--bg-pink);
        padding: 4px;
      "><strong>Book (C13 P427)</strong></span></div><div class="container dashbox" style="padding: 16px; border: var(--border-white-dash)"><div class="c2 twoThree pre--c2 pre--two-three"><div class="container pre--container"><p style="
      color: var(--fg-white-on-blue);
      background: var(--bg-blue);
      padding: 8px
    "><p><strong>NOTE</strong><ul class="no-item-padding" style="margin-block: 0px;"></ul></p></p><div style="
      display: grid;
      grid-template-columns: 1fr auto;
      grid-gap: 8px;
    "><h4>The Chow Test for Structural Change across Time</h4><span style="
        display: grid;
        grid-auto-flow: column;
        grid-gap: 0.5em;
        align-items: center;
        max-height: 2em;
        line-height: 1;
        font-size: 10px;
        color: var(--fg-black-on-pink);
        background: var(--bg-pink);
        padding: 4px;
      "><strong>Book (C13 P431)</strong></span></div><p style="
      color: var(--fg-white-on-blue);
      background: var(--bg-blue);
      padding: 8px
    "><p><strong>NOTE</strong><ul class="no-item-padding" style="margin-block: 0px;"></ul></p></p></div><dl></dl></div></div></div></div><div class="widget-container document" id="test-widget-2" style="grid-column: span 2;"><style id="test-widget-2-styles"></style><div class="container pre--container"><div style="
      display: grid;
      grid-template-columns: 1fr auto;
      grid-gap: 8px;
    "><h2>Policy Analysis with Pooled Cross Sections</h2><span style="
        display: grid;
        grid-auto-flow: column;
        grid-gap: 0.5em;
        align-items: center;
        max-height: 2em;
        line-height: 1;
        font-size: 10px;
        color: var(--fg-black-on-pink);
        background: var(--bg-pink);
        padding: 4px;
      "><strong>Book (C13 P431)</strong></span></div><div class="container dashbox" style="padding: 16px; border: var(--border-white-dash)"><div class="c2 twoThree pre--c2 pre--two-three"><div class="container pre--container"><p style="
      color: var(--fg-white-on-blue);
      background: var(--bg-blue);
      padding: 8px
    "><p><strong>NOTE</strong><ul class="no-item-padding" style="margin-block: 0px;"></ul></p></p><div style="
      display: grid;
      grid-template-columns: 1fr auto;
      grid-gap: 8px;
    "><h4>Adding an Additional Control Group</h4><span style="
        display: grid;
        grid-auto-flow: column;
        grid-gap: 0.5em;
        align-items: center;
        max-height: 2em;
        line-height: 1;
        font-size: 10px;
        color: var(--fg-black-on-pink);
        background: var(--bg-pink);
        padding: 4px;
      "><strong>Book (C13 P436)</strong></span></div><p style="
      color: var(--fg-white-on-blue);
      background: var(--bg-blue);
      padding: 8px
    "><p><strong>NOTE</strong><ul class="no-item-padding" style="margin-block: 0px;"></ul></p></p><div style="
      display: grid;
      grid-template-columns: 1fr auto;
      grid-gap: 8px;
    "><h4>A General Framework for Policy Analysis with Pooled Cross Sections</h4><span style="
        display: grid;
        grid-auto-flow: column;
        grid-gap: 0.5em;
        align-items: center;
        max-height: 2em;
        line-height: 1;
        font-size: 10px;
        color: var(--fg-black-on-pink);
        background: var(--bg-pink);
        padding: 4px;
      "><strong>Book (C13 P437)</strong></span></div><p style="
      color: var(--fg-white-on-blue);
      background: var(--bg-blue);
      padding: 8px
    "><p><strong>NOTE</strong><ul class="no-item-padding" style="margin-block: 0px;"></ul></p></p></div><dl></dl></div></div></div></div><div class="widget-container document" id="test-widget-3" style="grid-column: span 2;"><style id="test-widget-3-styles"></style><div class="container pre--container"><div style="
      display: grid;
      grid-template-columns: 1fr auto;
      grid-gap: 8px;
    "><h2>Two-Period Panel Data Analysis</h2><span style="
        display: grid;
        grid-auto-flow: column;
        grid-gap: 0.5em;
        align-items: center;
        max-height: 2em;
        line-height: 1;
        font-size: 10px;
        color: var(--fg-black-on-pink);
        background: var(--bg-pink);
        padding: 4px;
      "><strong>Book (C13 P439)</strong></span></div><div class="container dashbox" style="padding: 16px; border: var(--border-white-dash)"><div class="c2 twoThree pre--c2 pre--two-three"><div class="container pre--container"><p style="
      color: var(--fg-white-on-blue);
      background: var(--bg-blue);
      padding: 8px
    "><p><strong>NOTE</strong><ul class="no-item-padding" style="margin-block: 0px;"></ul></p></p><div style="
      display: grid;
      grid-template-columns: 1fr auto;
      grid-gap: 8px;
    "><h4>Organizing Panel Data</h4><span style="
        display: grid;
        grid-auto-flow: column;
        grid-gap: 0.5em;
        align-items: center;
        max-height: 2em;
        line-height: 1;
        font-size: 10px;
        color: var(--fg-black-on-pink);
        background: var(--bg-pink);
        padding: 4px;
      "><strong>Book (C13 P444)</strong></span></div><p style="
      color: var(--fg-white-on-blue);
      background: var(--bg-blue);
      padding: 8px
    "><p><strong>NOTE</strong><ul class="no-item-padding" style="margin-block: 0px;"></ul></p></p></div><dl></dl></div></div></div></div><div class="widget-container document" id="test-widget-4" style="grid-column: span 2;"><style id="test-widget-4-styles"></style><div class="container pre--container"><div style="
      display: grid;
      grid-template-columns: 1fr auto;
      grid-gap: 8px;
    "><h2>Policy Analysis with Two-Period Panel Data</h2><span style="
        display: grid;
        grid-auto-flow: column;
        grid-gap: 0.5em;
        align-items: center;
        max-height: 2em;
        line-height: 1;
        font-size: 10px;
        color: var(--fg-black-on-pink);
        background: var(--bg-pink);
        padding: 4px;
      "><strong>Book (C13 P444)</strong></span></div><div class="container dashbox" style="padding: 16px; border: var(--border-white-dash)"><div class="c2 twoThree pre--c2 pre--two-three"><div class="container pre--container"><p style="
      color: var(--fg-white-on-blue);
      background: var(--bg-blue);
      padding: 8px
    "><p><strong>NOTE</strong><ul class="no-item-padding" style="margin-block: 0px;"></ul></p></p></div><dl></dl></div></div></div></div><div class="widget-container document" id="test-widget-5" style="grid-column: span 2;"><style id="test-widget-5-styles"></style><div class="container pre--container"><div style="
      display: grid;
      grid-template-columns: 1fr auto;
      grid-gap: 8px;
    "><h2>Differencing with More Than Two Time Periods</h2><span style="
        display: grid;
        grid-auto-flow: column;
        grid-gap: 0.5em;
        align-items: center;
        max-height: 2em;
        line-height: 1;
        font-size: 10px;
        color: var(--fg-black-on-pink);
        background: var(--bg-pink);
        padding: 4px;
      "><strong>Book (C13 P447)</strong></span></div><div class="container dashbox" style="padding: 16px; border: var(--border-white-dash)"><div class="c2 twoThree pre--c2 pre--two-three"><div class="container pre--container"><p style="
      color: var(--fg-white-on-blue);
      background: var(--bg-blue);
      padding: 8px
    "><p><strong>NOTE</strong><ul class="no-item-padding" style="margin-block: 0px;"></ul></p></p><div style="
      display: grid;
      grid-template-columns: 1fr auto;
      grid-gap: 8px;
    "><h4>Potential Pitfalls in First Differencing Panel Data</h4><span style="
        display: grid;
        grid-auto-flow: column;
        grid-gap: 0.5em;
        align-items: center;
        max-height: 2em;
        line-height: 1;
        font-size: 10px;
        color: var(--fg-black-on-pink);
        background: var(--bg-pink);
        padding: 4px;
      "><strong>Book (C13 P451)</strong></span></div><p style="
      color: var(--fg-white-on-blue);
      background: var(--bg-blue);
      padding: 8px
    "><p><strong>NOTE</strong><ul class="no-item-padding" style="margin-block: 0px;"></ul></p></p></div><dl></dl></div></div></div></div><hr style="width: 100%; border-color: transparent;">"
`;
